2025-05-31 23:16:55,718 - INFO - Starting CIRCL vulnerability feeds download
2025-05-31 23:16:55,718 - INFO - Target directory: W:\raw_circl
2025-05-31 23:16:55,718 - INFO - Number of feeds to download: 28
2025-05-31 23:16:55,720 - INFO - Target directory created/verified: W:\raw_circl
2025-05-31 23:16:55,720 - INFO - Checking existing downloads...
2025-05-31 23:16:55,720 - INFO - Checking existing files in W:\raw_circl:
2025-05-31 23:16:55,720 - INFO - File validation passed: capec.ndjson (2,472,584 bytes)
2025-05-31 23:16:55,721 - INFO -   [OK] capec.ndjson: 2.36 MB (complete)
2025-05-31 23:16:55,721 - INFO - File validation passed: circl.ndjson (8,346 bytes)
2025-05-31 23:16:55,721 - INFO -   [OK] circl.ndjson: 0.01 MB (complete)
2025-05-31 23:16:55,721 - INFO - File validation passed: csaf_certbund.ndjson (139,676,461 bytes)
2025-05-31 23:16:55,721 - INFO -   [OK] csaf_certbund.ndjson: 133.21 MB (complete)
2025-05-31 23:16:55,723 - INFO - File validation passed: csaf_cisa.ndjson (83,076,046 bytes)
2025-05-31 23:16:55,723 - INFO -   [OK] csaf_cisa.ndjson: 79.23 MB (complete)
2025-05-31 23:16:55,723 - INFO - File validation passed: csaf_cisco.ndjson (149,307,784 bytes)
2025-05-31 23:16:55,723 - INFO -   [OK] csaf_cisco.ndjson: 142.39 MB (complete)
2025-05-31 23:16:55,723 - INFO - File validation passed: csaf_microsoft.ndjson (49,081,361 bytes)
2025-05-31 23:16:55,724 - INFO -   [OK] csaf_microsoft.ndjson: 46.81 MB (complete)
2025-05-31 23:16:55,724 - INFO - File validation passed: csaf_ncscnl.ndjson (13,546,550 bytes)
2025-05-31 23:16:55,724 - INFO -   [OK] csaf_ncscnl.ndjson: 12.92 MB (complete)
2025-05-31 23:16:55,725 - INFO - File validation passed: csaf_nozominetworks.ndjson (274,920 bytes)
2025-05-31 23:16:55,725 - INFO -   [OK] csaf_nozominetworks.ndjson: 0.26 MB (complete)
2025-05-31 23:16:55,725 - INFO - File validation passed: csaf_opensuse.ndjson (401,175,995 bytes)
2025-05-31 23:16:55,726 - INFO -   [OK] csaf_opensuse.ndjson: 382.59 MB (complete)
2025-05-31 23:16:55,726 - INFO - File validation passed: csaf_ox.ndjson (398,590 bytes)
2025-05-31 23:16:55,726 - INFO -   [OK] csaf_ox.ndjson: 0.38 MB (complete)
2025-05-31 23:16:55,726 - WARNING - Found 1 temporary files (incomplete downloads):
2025-05-31 23:16:55,727 - WARNING -   [TEMP] csaf_redhat.ndjson.tmp
2025-05-31 23:16:55,727 - INFO - 
Download Summary:
2025-05-31 23:16:55,727 - INFO -   Complete downloads: 10/28
2025-05-31 23:16:55,727 - INFO -   Missing feeds: 18
2025-05-31 23:16:55,727 - INFO -   Missing: csaf_redhat, csaf_sick, csaf_siemens, csaf_suse, cvelistv5, cwec, emb3d, fkie_nvd, github, gna-1, gsd, jvndb, nvd, ossf_malicious_packages, pysec, tailscale, variot, vulnrichment
2025-05-31 23:16:55,727 - INFO - Starting download of 28 feeds to W:\raw_circl
2025-05-31 23:16:55,727 - INFO - Processing feed 1/28: capec
2025-05-31 23:16:55,728 - INFO - Skipping capec - already downloaded and verified
2025-05-31 23:16:55,728 - INFO - Processing feed 2/28: circl
2025-05-31 23:16:55,728 - INFO - Skipping circl - already downloaded and verified
2025-05-31 23:16:55,728 - INFO - Processing feed 3/28: csaf_certbund
2025-05-31 23:16:55,728 - INFO - Skipping csaf_certbund - already downloaded and verified
2025-05-31 23:16:55,728 - INFO - Processing feed 4/28: csaf_cisa
2025-05-31 23:16:55,728 - INFO - Skipping csaf_cisa - already downloaded and verified
2025-05-31 23:16:55,728 - INFO - Processing feed 5/28: csaf_cisco
2025-05-31 23:16:55,729 - INFO - Skipping csaf_cisco - already downloaded and verified
2025-05-31 23:16:55,729 - INFO - Processing feed 6/28: csaf_microsoft
2025-05-31 23:16:55,729 - INFO - Skipping csaf_microsoft - already downloaded and verified
2025-05-31 23:16:55,729 - INFO - Processing feed 7/28: csaf_ncscnl
2025-05-31 23:16:55,729 - INFO - Skipping csaf_ncscnl - already downloaded and verified
2025-05-31 23:16:55,729 - INFO - Processing feed 8/28: csaf_nozominetworks
2025-05-31 23:16:55,729 - INFO - Skipping csaf_nozominetworks - already downloaded and verified
2025-05-31 23:16:55,729 - INFO - Processing feed 9/28: csaf_opensuse
2025-05-31 23:16:55,730 - INFO - Skipping csaf_opensuse - already downloaded and verified
2025-05-31 23:16:55,730 - INFO - Processing feed 10/28: csaf_ox
2025-05-31 23:16:55,730 - INFO - Skipping csaf_ox - already downloaded and verified
2025-05-31 23:16:55,730 - INFO - Processing feed 11/28: csaf_redhat
2025-05-31 23:16:55,730 - INFO - Trying primary URL: https://vulnerability.circl.lu/dumps/csaf_redhat.ndjson
2025-05-31 23:16:56,062 - INFO - Downloading https://vulnerability.circl.lu/dumps/csaf_redhat.ndjson to W:\raw_circl\csaf_redhat.ndjson
2025-05-31 23:19:23,253 - INFO - Starting CIRCL vulnerability feeds download
2025-05-31 23:19:23,253 - INFO - Target directory: W:\raw_circl
2025-05-31 23:19:23,253 - INFO - Number of feeds to download: 28
2025-05-31 23:19:23,254 - INFO - Target directory created/verified: W:\raw_circl
2025-05-31 23:19:23,254 - INFO - Starting download of 28 feeds to W:\raw_circl
2025-05-31 23:19:23,254 - INFO - Processing feed 1/28: capec
2025-05-31 23:19:23,447 - INFO - Downloading https://vulnerability.circl.lu/dumps/capec to W:\raw_circl\capec
2025-05-31 23:19:23,653 - ERROR - Download attempt 1 failed for https://vulnerability.circl.lu/dumps/capec: 404 Client Error: Not Found for url: https://vulnerability.circl.lu/dumps/capec
2025-05-31 23:19:23,653 - INFO - Retrying in 1 seconds...
2025-05-31 23:19:24,854 - INFO - Downloading https://vulnerability.circl.lu/dumps/capec to W:\raw_circl\capec
2025-05-31 23:19:25,050 - ERROR - Download attempt 2 failed for https://vulnerability.circl.lu/dumps/capec: 404 Client Error: Not Found for url: https://vulnerability.circl.lu/dumps/capec
2025-05-31 23:19:25,051 - INFO - Retrying in 2 seconds...
2025-05-31 23:19:27,240 - INFO - Downloading https://vulnerability.circl.lu/dumps/capec to W:\raw_circl\capec
2025-05-31 23:19:27,407 - ERROR - Download attempt 3 failed for https://vulnerability.circl.lu/dumps/capec: 404 Client Error: Not Found for url: https://vulnerability.circl.lu/dumps/capec
2025-05-31 23:19:27,407 - ERROR - Failed to download https://vulnerability.circl.lu/dumps/capec after 3 attempts
2025-05-31 23:19:28,413 - INFO - Processing feed 2/28: circl
2025-05-31 23:19:28,568 - INFO - Downloading https://vulnerability.circl.lu/dumps/circl to W:\raw_circl\circl
2025-05-31 23:19:28,736 - ERROR - Download attempt 1 failed for https://vulnerability.circl.lu/dumps/circl: 404 Client Error: Not Found for url: https://vulnerability.circl.lu/dumps/circl
2025-05-31 23:19:28,737 - INFO - Retrying in 1 seconds...
2025-05-31 23:20:09,180 - INFO - Starting CIRCL vulnerability feeds download
2025-05-31 23:20:09,181 - INFO - Target directory: W:\raw_circl
2025-05-31 23:20:09,181 - INFO - Number of feeds to download: 28
2025-05-31 23:20:09,181 - INFO - Target directory created/verified: W:\raw_circl
2025-05-31 23:20:09,181 - INFO - Starting download of 28 feeds to W:\raw_circl
2025-05-31 23:20:09,181 - INFO - Processing feed 1/28: capec
2025-05-31 23:20:09,181 - INFO - Trying primary URL: https://vulnerability.circl.lu/dumps/capec.ndjson
2025-05-31 23:20:09,513 - INFO - Downloading https://vulnerability.circl.lu/dumps/capec.ndjson to W:\raw_circl\capec.ndjson
2025-05-31 23:20:10,943 - INFO - Successfully downloaded: capec.ndjson
2025-05-31 23:20:11,950 - INFO - Processing feed 2/28: circl
2025-05-31 23:20:11,950 - INFO - Trying primary URL: https://vulnerability.circl.lu/dumps/circl.ndjson
2025-05-31 23:20:12,256 - INFO - Downloading https://vulnerability.circl.lu/dumps/circl.ndjson to W:\raw_circl\circl.ndjson
2025-05-31 23:20:12,392 - INFO - Successfully downloaded: circl.ndjson
2025-05-31 23:20:13,394 - INFO - Processing feed 3/28: csaf_certbund
2025-05-31 23:20:13,394 - INFO - Trying primary URL: https://vulnerability.circl.lu/dumps/csaf_certbund.ndjson
2025-05-31 23:20:13,793 - INFO - Downloading https://vulnerability.circl.lu/dumps/csaf_certbund.ndjson to W:\raw_circl\csaf_certbund.ndjson
2025-05-31 23:21:14,969 - INFO - Successfully downloaded: csaf_certbund.ndjson
2025-05-31 23:21:15,980 - INFO - Processing feed 4/28: csaf_cisa
2025-05-31 23:21:15,981 - INFO - Trying primary URL: https://vulnerability.circl.lu/dumps/csaf_cisa.ndjson
2025-05-31 23:21:16,290 - INFO - Downloading https://vulnerability.circl.lu/dumps/csaf_cisa.ndjson to W:\raw_circl\csaf_cisa.ndjson
2025-05-31 23:22:04,808 - INFO - Successfully downloaded: csaf_cisa.ndjson
2025-05-31 23:22:05,809 - INFO - Processing feed 5/28: csaf_cisco
2025-05-31 23:22:05,809 - INFO - Trying primary URL: https://vulnerability.circl.lu/dumps/csaf_cisco.ndjson
2025-05-31 23:22:06,273 - INFO - Downloading https://vulnerability.circl.lu/dumps/csaf_cisco.ndjson to W:\raw_circl\csaf_cisco.ndjson
2025-05-31 23:23:44,726 - INFO - Successfully downloaded: csaf_cisco.ndjson
2025-05-31 23:23:45,741 - INFO - Processing feed 6/28: csaf_microsoft
2025-05-31 23:23:45,741 - INFO - Trying primary URL: https://vulnerability.circl.lu/dumps/csaf_microsoft.ndjson
2025-05-31 23:23:46,103 - INFO - Downloading https://vulnerability.circl.lu/dumps/csaf_microsoft.ndjson to W:\raw_circl\csaf_microsoft.ndjson
2025-05-31 23:24:52,332 - INFO - Successfully downloaded: csaf_microsoft.ndjson
2025-05-31 23:24:53,344 - INFO - Processing feed 7/28: csaf_ncscnl
2025-05-31 23:24:53,345 - INFO - Trying primary URL: https://vulnerability.circl.lu/dumps/csaf_ncscnl.ndjson
2025-05-31 23:24:53,601 - INFO - Downloading https://vulnerability.circl.lu/dumps/csaf_ncscnl.ndjson to W:\raw_circl\csaf_ncscnl.ndjson
2025-05-31 23:25:40,128 - INFO - Successfully downloaded: csaf_ncscnl.ndjson
2025-05-31 23:25:41,142 - INFO - Processing feed 8/28: csaf_nozominetworks
2025-05-31 23:25:41,142 - INFO - Trying primary URL: https://vulnerability.circl.lu/dumps/csaf_nozominetworks.ndjson
2025-05-31 23:25:41,412 - INFO - Downloading https://vulnerability.circl.lu/dumps/csaf_nozominetworks.ndjson to W:\raw_circl\csaf_nozominetworks.ndjson
2025-05-31 23:25:41,829 - INFO - Successfully downloaded: csaf_nozominetworks.ndjson
2025-05-31 23:25:42,830 - INFO - Processing feed 9/28: csaf_opensuse
2025-05-31 23:25:42,831 - INFO - Trying primary URL: https://vulnerability.circl.lu/dumps/csaf_opensuse.ndjson
2025-05-31 23:25:43,107 - INFO - Downloading https://vulnerability.circl.lu/dumps/csaf_opensuse.ndjson to W:\raw_circl\csaf_opensuse.ndjson
2025-05-31 23:28:43,526 - INFO - Successfully downloaded: csaf_opensuse.ndjson
2025-05-31 23:28:44,528 - INFO - Processing feed 10/28: csaf_ox
2025-05-31 23:28:44,528 - INFO - Trying primary URL: https://vulnerability.circl.lu/dumps/csaf_ox.ndjson
2025-05-31 23:28:44,864 - INFO - Downloading https://vulnerability.circl.lu/dumps/csaf_ox.ndjson to W:\raw_circl\csaf_ox.ndjson
2025-05-31 23:28:45,523 - INFO - Successfully downloaded: csaf_ox.ndjson
2025-05-31 23:28:46,524 - INFO - Processing feed 11/28: csaf_redhat
2025-05-31 23:28:46,525 - INFO - Trying primary URL: https://vulnerability.circl.lu/dumps/csaf_redhat.ndjson
2025-05-31 23:28:46,811 - INFO - Downloading https://vulnerability.circl.lu/dumps/csaf_redhat.ndjson to W:\raw_circl\csaf_redhat.ndjson
2025-05-31 23:32:30,849 - ERROR - Download attempt 1 failed for https://vulnerability.circl.lu/dumps/csaf_redhat.ndjson: ('Connection broken: IncompleteRead(377917777 bytes read, 12132996453 more expected)', IncompleteRead(377917777 bytes read, 12132996453 more expected))
2025-05-31 23:32:30,849 - INFO - Retrying in 1 seconds...
2025-05-31 23:32:52,933 - WARNING - Could not get file size for https://vulnerability.circl.lu/dumps/csaf_redhat.ndjson: HTTPSConnectionPool(host='vulnerability.circl.lu', port=443): Max retries exceeded with url: /dumps/csaf_redhat.ndjson (Caused by ConnectTimeoutError(<urllib3.connection.HTTPSConnection object at 0x0000026D2E89F910>, 'Connection to vulnerability.circl.lu timed out. (connect timeout=30)'))
2025-05-31 23:32:52,934 - INFO - Downloading https://vulnerability.circl.lu/dumps/csaf_redhat.ndjson to W:\raw_circl\csaf_redhat.ndjson
2025-05-31 23:32:52,936 - ERROR - Download attempt 2 failed for https://vulnerability.circl.lu/dumps/csaf_redhat.ndjson: HTTPSConnectionPool(host='vulnerability.circl.lu', port=443): Max retries exceeded with url: /dumps/csaf_redhat.ndjson (Caused by NameResolutionError("<urllib3.connection.HTTPSConnection object at 0x0000026D2E89EDD0>: Failed to resolve 'vulnerability.circl.lu' ([Errno 11001] getaddrinfo failed)"))
2025-05-31 23:32:52,936 - INFO - Retrying in 2 seconds...
2025-05-31 23:34:24,083 - INFO - Starting CIRCL vulnerability feeds download
2025-05-31 23:34:24,085 - INFO - Target directory: W:\raw_circl
2025-05-31 23:34:24,085 - INFO - Number of feeds to download: 28
2025-05-31 23:34:24,085 - INFO - Target directory created/verified: W:\raw_circl
2025-05-31 23:34:24,085 - INFO - Starting download of 28 feeds to W:\raw_circl
2025-05-31 23:34:24,085 - INFO - Processing feed 1/28: capec
2025-05-31 23:34:24,085 - INFO - Trying primary URL: https://vulnerability.circl.lu/dumps/capec.ndjson
2025-05-31 23:34:24,340 - INFO - File already exists with correct size: capec.ndjson
2025-05-31 23:34:25,344 - INFO - Processing feed 2/28: circl
2025-05-31 23:34:25,345 - INFO - Trying primary URL: https://vulnerability.circl.lu/dumps/circl.ndjson
2025-05-31 23:34:25,537 - INFO - File already exists with correct size: circl.ndjson
2025-05-31 23:34:26,541 - INFO - Processing feed 3/28: csaf_certbund
2025-05-31 23:34:26,541 - INFO - Trying primary URL: https://vulnerability.circl.lu/dumps/csaf_certbund.ndjson
2025-05-31 23:34:26,749 - INFO - File already exists with correct size: csaf_certbund.ndjson
2025-05-31 23:34:27,764 - INFO - Processing feed 4/28: csaf_cisa
2025-05-31 23:34:27,765 - INFO - Trying primary URL: https://vulnerability.circl.lu/dumps/csaf_cisa.ndjson
2025-05-31 23:34:27,984 - INFO - File already exists with correct size: csaf_cisa.ndjson
2025-05-31 23:34:28,988 - INFO - Processing feed 5/28: csaf_cisco
2025-05-31 23:34:28,989 - INFO - Trying primary URL: https://vulnerability.circl.lu/dumps/csaf_cisco.ndjson
2025-05-31 23:34:29,187 - INFO - File already exists with correct size: csaf_cisco.ndjson
2025-05-31 23:34:30,202 - INFO - Processing feed 6/28: csaf_microsoft
2025-05-31 23:34:30,202 - INFO - Trying primary URL: https://vulnerability.circl.lu/dumps/csaf_microsoft.ndjson
2025-05-31 23:34:30,412 - INFO - File already exists with correct size: csaf_microsoft.ndjson
2025-05-31 23:34:31,415 - INFO - Processing feed 7/28: csaf_ncscnl
2025-05-31 23:34:31,416 - INFO - Trying primary URL: https://vulnerability.circl.lu/dumps/csaf_ncscnl.ndjson
2025-05-31 23:34:31,606 - INFO - File already exists with correct size: csaf_ncscnl.ndjson
2025-05-31 23:34:32,609 - INFO - Processing feed 8/28: csaf_nozominetworks
2025-05-31 23:34:32,611 - INFO - Trying primary URL: https://vulnerability.circl.lu/dumps/csaf_nozominetworks.ndjson
2025-05-31 23:34:32,797 - INFO - File already exists with correct size: csaf_nozominetworks.ndjson
2025-05-31 23:34:33,800 - INFO - Processing feed 9/28: csaf_opensuse
2025-05-31 23:34:33,800 - INFO - Trying primary URL: https://vulnerability.circl.lu/dumps/csaf_opensuse.ndjson
2025-05-31 23:34:34,008 - INFO - File already exists with correct size: csaf_opensuse.ndjson
2025-05-31 23:34:35,012 - INFO - Processing feed 10/28: csaf_ox
2025-05-31 23:34:35,012 - INFO - Trying primary URL: https://vulnerability.circl.lu/dumps/csaf_ox.ndjson
2025-05-31 23:34:35,218 - INFO - File already exists with correct size: csaf_ox.ndjson
2025-05-31 23:34:36,223 - INFO - Processing feed 11/28: csaf_redhat
2025-05-31 23:34:36,223 - INFO - Trying primary URL: https://vulnerability.circl.lu/dumps/csaf_redhat.ndjson
2025-05-31 23:34:36,429 - INFO - Downloading https://vulnerability.circl.lu/dumps/csaf_redhat.ndjson to W:\raw_circl\csaf_redhat.ndjson
2025-05-31 23:35:18,433 - INFO - Starting CIRCL vulnerability feeds download
2025-05-31 23:35:18,433 - INFO - Target directory: W:\raw_circl
2025-05-31 23:35:18,433 - INFO - Number of feeds to download: 28
2025-05-31 23:35:18,433 - INFO - Target directory created/verified: W:\raw_circl
2025-05-31 23:35:18,433 - INFO - Starting download of 28 feeds to W:\raw_circl
2025-05-31 23:35:18,433 - INFO - Processing feed 1/28: capec
2025-05-31 23:35:18,433 - INFO - Trying primary URL: https://vulnerability.circl.lu/dumps/capec.ndjson
2025-05-31 23:35:18,642 - INFO - File already exists with correct size: capec.ndjson
2025-05-31 23:35:19,643 - INFO - Processing feed 2/28: circl
2025-05-31 23:35:19,643 - INFO - Trying primary URL: https://vulnerability.circl.lu/dumps/circl.ndjson
2025-05-31 23:35:19,861 - INFO - File already exists with correct size: circl.ndjson
2025-05-31 23:35:20,876 - INFO - Processing feed 3/28: csaf_certbund
2025-05-31 23:35:20,877 - INFO - Trying primary URL: https://vulnerability.circl.lu/dumps/csaf_certbund.ndjson
2025-05-31 23:35:21,087 - INFO - File already exists with correct size: csaf_certbund.ndjson
2025-05-31 23:35:22,094 - INFO - Processing feed 4/28: csaf_cisa
2025-05-31 23:35:22,094 - INFO - Trying primary URL: https://vulnerability.circl.lu/dumps/csaf_cisa.ndjson
2025-05-31 23:35:22,327 - INFO - File already exists with correct size: csaf_cisa.ndjson
2025-05-31 23:35:23,330 - INFO - Processing feed 5/28: csaf_cisco
2025-05-31 23:35:23,330 - INFO - Trying primary URL: https://vulnerability.circl.lu/dumps/csaf_cisco.ndjson
2025-05-31 23:35:23,549 - INFO - File already exists with correct size: csaf_cisco.ndjson
2025-05-31 23:35:24,563 - INFO - Processing feed 6/28: csaf_microsoft
2025-05-31 23:35:24,563 - INFO - Trying primary URL: https://vulnerability.circl.lu/dumps/csaf_microsoft.ndjson
2025-05-31 23:35:24,774 - INFO - File already exists with correct size: csaf_microsoft.ndjson
2025-05-31 23:35:25,788 - INFO - Processing feed 7/28: csaf_ncscnl
2025-05-31 23:35:25,789 - INFO - Trying primary URL: https://vulnerability.circl.lu/dumps/csaf_ncscnl.ndjson
2025-05-31 23:35:26,015 - INFO - File already exists with correct size: csaf_ncscnl.ndjson
2025-05-31 23:35:27,021 - INFO - Processing feed 8/28: csaf_nozominetworks
2025-05-31 23:35:27,021 - INFO - Trying primary URL: https://vulnerability.circl.lu/dumps/csaf_nozominetworks.ndjson
2025-05-31 23:35:27,237 - INFO - File already exists with correct size: csaf_nozominetworks.ndjson
2025-05-31 23:35:28,238 - INFO - Processing feed 9/28: csaf_opensuse
2025-05-31 23:35:28,238 - INFO - Trying primary URL: https://vulnerability.circl.lu/dumps/csaf_opensuse.ndjson
2025-05-31 23:35:28,430 - INFO - File already exists with correct size: csaf_opensuse.ndjson
2025-05-31 23:35:29,441 - INFO - Processing feed 10/28: csaf_ox
2025-05-31 23:35:29,442 - INFO - Trying primary URL: https://vulnerability.circl.lu/dumps/csaf_ox.ndjson
2025-05-31 23:35:29,633 - INFO - File already exists with correct size: csaf_ox.ndjson
2025-05-31 23:35:30,636 - INFO - Processing feed 11/28: csaf_redhat
2025-05-31 23:35:30,637 - INFO - Trying primary URL: https://vulnerability.circl.lu/dumps/csaf_redhat.ndjson
2025-05-31 23:35:30,849 - INFO - Downloading https://vulnerability.circl.lu/dumps/csaf_redhat.ndjson to W:\raw_circl\csaf_redhat.ndjson
2025-06-01 00:46:14,234 - INFO - Successfully downloaded: csaf_redhat.ndjson
2025-06-01 00:46:15,238 - INFO - Processing feed 12/28: csaf_sick
2025-06-01 00:46:15,238 - INFO - Trying primary URL: https://vulnerability.circl.lu/dumps/csaf_sick.ndjson
2025-06-01 00:46:15,622 - INFO - Downloading https://vulnerability.circl.lu/dumps/csaf_sick.ndjson to W:\raw_circl\csaf_sick.ndjson
2025-06-01 00:46:15,870 - INFO - Successfully downloaded: csaf_sick.ndjson
2025-06-01 00:46:16,883 - INFO - Processing feed 13/28: csaf_siemens
2025-06-01 00:46:16,883 - INFO - Trying primary URL: https://vulnerability.circl.lu/dumps/csaf_siemens.ndjson
2025-06-01 00:46:17,111 - INFO - Downloading https://vulnerability.circl.lu/dumps/csaf_siemens.ndjson to W:\raw_circl\csaf_siemens.ndjson
2025-06-01 00:46:18,566 - INFO - Successfully downloaded: csaf_siemens.ndjson
2025-06-01 00:46:19,577 - INFO - Processing feed 14/28: csaf_suse
2025-06-01 00:46:19,577 - INFO - Trying primary URL: https://vulnerability.circl.lu/dumps/csaf_suse.ndjson
2025-06-01 00:46:19,807 - INFO - Downloading https://vulnerability.circl.lu/dumps/csaf_suse.ndjson to W:\raw_circl\csaf_suse.ndjson
2025-06-01 00:58:02,107 - INFO - Successfully downloaded: csaf_suse.ndjson
2025-06-01 00:58:03,118 - INFO - Processing feed 15/28: cvelistv5
2025-06-01 00:58:03,118 - INFO - Trying primary URL: https://vulnerability.circl.lu/dumps/cvelistv5.ndjson
2025-06-01 00:58:03,325 - INFO - Downloading https://vulnerability.circl.lu/dumps/cvelistv5.ndjson to W:\raw_circl\cvelistv5.ndjson
2025-06-01 01:25:39,992 - INFO - Successfully downloaded: cvelistv5.ndjson
2025-06-01 01:25:41,013 - INFO - Processing feed 16/28: cwec
2025-06-01 01:25:41,014 - INFO - Trying primary URL: https://vulnerability.circl.lu/dumps/cwec.ndjson
2025-06-01 01:25:41,238 - INFO - Downloading https://vulnerability.circl.lu/dumps/cwec.ndjson to W:\raw_circl\cwec.ndjson
2025-06-01 01:25:42,914 - INFO - Successfully downloaded: cwec.ndjson
2025-06-01 01:25:43,916 - INFO - Processing feed 17/28: emb3d
2025-06-01 01:25:43,916 - INFO - Trying primary URL: https://vulnerability.circl.lu/dumps/emb3d.ndjson
2025-06-01 01:25:44,109 - INFO - Downloading https://vulnerability.circl.lu/dumps/emb3d.ndjson to W:\raw_circl\emb3d.ndjson
2025-06-01 01:25:44,280 - INFO - Successfully downloaded: emb3d.ndjson
2025-06-01 01:25:45,287 - INFO - Processing feed 18/28: fkie_nvd
2025-06-01 01:25:45,287 - INFO - Trying primary URL: https://vulnerability.circl.lu/dumps/fkie_nvd.ndjson
2025-06-01 01:25:45,510 - INFO - Downloading https://vulnerability.circl.lu/dumps/fkie_nvd.ndjson to W:\raw_circl\fkie_nvd.ndjson
2025-06-01 01:33:21,821 - INFO - Successfully downloaded: fkie_nvd.ndjson
2025-06-01 01:33:22,826 - INFO - Processing feed 19/28: github
2025-06-01 01:33:22,827 - INFO - Trying primary URL: https://vulnerability.circl.lu/dumps/github.ndjson
2025-06-01 01:33:23,054 - INFO - Downloading https://vulnerability.circl.lu/dumps/github.ndjson to W:\raw_circl\github.ndjson
2025-06-01 01:34:44,513 - INFO - Successfully downloaded: github.ndjson
2025-06-01 01:34:45,528 - INFO - Processing feed 20/28: gna-1
2025-06-01 01:34:45,537 - INFO - Trying primary URL: https://vulnerability.circl.lu/dumps/gna-1.ndjson
2025-06-01 01:35:06,820 - INFO - Downloading https://vulnerability.circl.lu/dumps/gna-1.ndjson to W:\raw_circl\gna-1.ndjson
2025-06-01 01:35:06,926 - INFO - Successfully downloaded: gna-1.ndjson
2025-06-01 01:35:07,938 - INFO - Processing feed 21/28: gsd
2025-06-01 01:35:07,938 - INFO - Trying primary URL: https://vulnerability.circl.lu/dumps/gsd.ndjson
2025-06-01 01:35:08,173 - INFO - Downloading https://vulnerability.circl.lu/dumps/gsd.ndjson to W:\raw_circl\gsd.ndjson
2025-06-01 01:42:28,393 - INFO - Successfully downloaded: gsd.ndjson
2025-06-01 01:42:29,397 - INFO - Processing feed 22/28: jvndb
2025-06-01 01:42:29,397 - INFO - Trying primary URL: https://vulnerability.circl.lu/dumps/jvndb.ndjson
2025-06-01 01:42:29,625 - INFO - Downloading https://vulnerability.circl.lu/dumps/jvndb.ndjson to W:\raw_circl\jvndb.ndjson
2025-06-01 01:42:30,795 - INFO - Successfully downloaded: jvndb.ndjson
2025-06-01 01:42:31,802 - INFO - Processing feed 23/28: nvd
2025-06-01 01:42:31,802 - INFO - Trying primary URL: https://vulnerability.circl.lu/dumps/nvd.ndjson
2025-06-01 01:42:32,016 - INFO - Downloading https://vulnerability.circl.lu/dumps/nvd.ndjson to W:\raw_circl\nvd.ndjson
2025-06-01 01:55:29,696 - ERROR - Download attempt 1 failed for https://vulnerability.circl.lu/dumps/nvd.ndjson: ('Connection broken: IncompleteRead(2521029960 bytes read, 1760611444 more expected)', IncompleteRead(2521029960 bytes read, 1760611444 more expected))
2025-06-01 01:55:29,696 - INFO - Retrying in 1 seconds...
2025-06-01 01:55:30,846 - INFO - Downloading https://vulnerability.circl.lu/dumps/nvd.ndjson to W:\raw_circl\nvd.ndjson
2025-06-01 02:28:39,292 - INFO - Successfully downloaded: nvd.ndjson
2025-06-01 02:28:40,306 - INFO - Processing feed 24/28: ossf_malicious_packages
2025-06-01 02:28:40,306 - INFO - Trying primary URL: https://vulnerability.circl.lu/dumps/ossf_malicious_packages.ndjson
2025-06-01 02:28:40,756 - INFO - Downloading https://vulnerability.circl.lu/dumps/ossf_malicious_packages.ndjson to W:\raw_circl\ossf_malicious_packages.ndjson
2025-06-01 02:28:49,376 - INFO - Successfully downloaded: ossf_malicious_packages.ndjson
2025-06-01 02:28:50,384 - INFO - Processing feed 25/28: pysec
2025-06-01 02:28:50,384 - INFO - Trying primary URL: https://vulnerability.circl.lu/dumps/pysec.ndjson
2025-06-01 02:28:50,581 - INFO - Downloading https://vulnerability.circl.lu/dumps/pysec.ndjson to W:\raw_circl\pysec.ndjson
2025-06-01 02:28:51,993 - INFO - Successfully downloaded: pysec.ndjson
2025-06-01 02:28:53,000 - INFO - Processing feed 26/28: tailscale
2025-06-01 02:28:53,001 - INFO - Trying primary URL: https://vulnerability.circl.lu/dumps/tailscale.ndjson
2025-06-01 02:28:53,247 - INFO - Downloading https://vulnerability.circl.lu/dumps/tailscale.ndjson to W:\raw_circl\tailscale.ndjson
2025-06-01 02:28:53,495 - INFO - Successfully downloaded: tailscale.ndjson
2025-06-01 02:28:54,509 - INFO - Processing feed 27/28: variot
2025-06-01 02:28:54,510 - INFO - Trying primary URL: https://vulnerability.circl.lu/dumps/variot.ndjson
2025-06-01 02:28:54,721 - INFO - Downloading https://vulnerability.circl.lu/dumps/variot.ndjson to W:\raw_circl\variot.ndjson
2025-06-01 02:35:51,566 - INFO - Successfully downloaded: variot.ndjson
2025-06-01 02:35:52,571 - INFO - Processing feed 28/28: vulnrichment
2025-06-01 02:35:52,571 - INFO - Trying primary URL: https://vulnerability.circl.lu/dumps/vulnrichment.ndjson
2025-06-01 02:35:59,715 - INFO - Primary URL not found, trying alternative extensions for vulnrichment
2025-06-01 02:35:59,716 - INFO - Trying URL: https://vulnerability.circl.lu/dumps/vulnrichment.ndjson
2025-06-01 02:35:59,810 - INFO - Trying URL: https://vulnerability.circl.lu/dumps/vulnrichment.json
2025-06-01 02:35:59,918 - INFO - Trying URL: https://vulnerability.circl.lu/dumps/vulnrichment.json.gz
2025-06-01 02:36:00,030 - INFO - Trying URL: https://vulnerability.circl.lu/dumps/vulnrichment.ndjson.gz
2025-06-01 02:36:00,161 - INFO - Trying URL: https://vulnerability.circl.lu/dumps/vulnrichment.gz
2025-06-01 02:36:00,250 - INFO - Trying URL: https://vulnerability.circl.lu/dumps/vulnrichment
2025-06-01 02:36:00,370 - ERROR - Could not find any working URL for feed: vulnrichment
2025-06-01 02:36:01,373 - INFO - Download completed: 27/28 feeds downloaded successfully
2025-06-01 02:36:01,374 - WARNING - Failed to download 1 feeds
2025-06-01 02:36:01,374 - INFO - Script completed in 10842.94 seconds
2025-06-01 02:36:01,375 - ERROR - Some downloads failed. Check the log for details.
2025-06-01 04:07:07,688 - INFO - Starting CIRCL vulnerability feeds download
2025-06-01 04:07:07,688 - INFO - Target directory: W:\raw_circl
2025-06-01 04:07:07,689 - INFO - Number of feeds to download: 28
2025-06-01 04:07:07,689 - INFO - Target directory created/verified: W:\raw_circl
2025-06-01 04:07:07,689 - INFO - Starting download of 28 feeds to W:\raw_circl
2025-06-01 04:07:07,689 - INFO - Processing feed 1/28: capec
2025-06-01 04:07:07,690 - INFO - Trying primary URL: https://vulnerability.circl.lu/dumps/capec.ndjson
2025-06-01 04:07:26,031 - INFO - File already exists with correct size: capec.ndjson
2025-06-01 04:07:27,032 - INFO - Processing feed 2/28: circl
2025-06-01 04:07:27,032 - INFO - Trying primary URL: https://vulnerability.circl.lu/dumps/circl.ndjson
2025-06-01 04:07:27,252 - INFO - File already exists with correct size: circl.ndjson
2025-06-01 04:07:28,260 - INFO - Processing feed 3/28: csaf_certbund
2025-06-01 04:07:28,260 - INFO - Trying primary URL: https://vulnerability.circl.lu/dumps/csaf_certbund.ndjson
2025-06-01 04:07:28,453 - INFO - File already exists with correct size: csaf_certbund.ndjson
2025-06-01 04:07:29,456 - INFO - Processing feed 4/28: csaf_cisa
2025-06-01 04:07:29,456 - INFO - Trying primary URL: https://vulnerability.circl.lu/dumps/csaf_cisa.ndjson
2025-06-01 04:07:29,648 - INFO - File exists but size differs (existing: 83076046, expected: 83161440)
2025-06-01 04:07:29,648 - INFO - Downloading https://vulnerability.circl.lu/dumps/csaf_cisa.ndjson to W:\raw_circl\csaf_cisa.ndjson
2025-06-01 04:07:57,341 - INFO - Successfully downloaded: csaf_cisa.ndjson
2025-06-01 04:07:58,348 - INFO - Processing feed 5/28: csaf_cisco
2025-06-01 04:07:58,348 - INFO - Trying primary URL: https://vulnerability.circl.lu/dumps/csaf_cisco.ndjson
2025-06-01 04:07:58,529 - INFO - File already exists with correct size: csaf_cisco.ndjson
2025-06-01 04:07:59,533 - INFO - Processing feed 6/28: csaf_microsoft
2025-06-01 04:07:59,533 - INFO - Trying primary URL: https://vulnerability.circl.lu/dumps/csaf_microsoft.ndjson
2025-06-01 04:07:59,754 - INFO - File already exists with correct size: csaf_microsoft.ndjson
2025-06-01 04:08:00,761 - INFO - Processing feed 7/28: csaf_ncscnl
2025-06-01 04:08:00,761 - INFO - Trying primary URL: https://vulnerability.circl.lu/dumps/csaf_ncscnl.ndjson
2025-06-01 04:08:00,943 - INFO - File already exists with correct size: csaf_ncscnl.ndjson
2025-06-01 04:08:01,958 - INFO - Processing feed 8/28: csaf_nozominetworks
2025-06-01 04:08:01,958 - INFO - Trying primary URL: https://vulnerability.circl.lu/dumps/csaf_nozominetworks.ndjson
2025-06-01 04:08:02,148 - INFO - File already exists with correct size: csaf_nozominetworks.ndjson
2025-06-01 04:08:03,159 - INFO - Processing feed 9/28: csaf_opensuse
2025-06-01 04:08:03,159 - INFO - Trying primary URL: https://vulnerability.circl.lu/dumps/csaf_opensuse.ndjson
2025-06-01 04:08:03,366 - INFO - File already exists with correct size: csaf_opensuse.ndjson
2025-06-01 04:08:04,372 - INFO - Processing feed 10/28: csaf_ox
2025-06-01 04:08:04,372 - INFO - Trying primary URL: https://vulnerability.circl.lu/dumps/csaf_ox.ndjson
2025-06-01 04:08:04,566 - INFO - File already exists with correct size: csaf_ox.ndjson
2025-06-01 04:08:05,581 - INFO - Processing feed 11/28: csaf_redhat
2025-06-01 04:08:05,581 - INFO - Trying primary URL: https://vulnerability.circl.lu/dumps/csaf_redhat.ndjson
2025-06-01 04:08:05,786 - INFO - File exists but size differs (existing: 12510914230, expected: 12511112933)
2025-06-01 04:08:05,787 - INFO - Downloading https://vulnerability.circl.lu/dumps/csaf_redhat.ndjson to W:\raw_circl\csaf_redhat.ndjson
2025-06-01 04:46:04,246 - ERROR - Download attempt 1 failed for https://vulnerability.circl.lu/dumps/csaf_redhat.ndjson: ('Connection broken: IncompleteRead(6078590488 bytes read, 6432522445 more expected)', IncompleteRead(6078590488 bytes read, 6432522445 more expected))
2025-06-01 04:46:04,247 - INFO - Retrying in 1 seconds...
2025-06-01 04:46:05,484 - INFO - File exists but size differs (existing: 12510914230, expected: 6276382720)
2025-06-01 04:46:05,484 - INFO - Downloading https://vulnerability.circl.lu/dumps/csaf_redhat.ndjson to W:\raw_circl\csaf_redhat.ndjson
2025-06-01 05:22:49,649 - INFO - Successfully downloaded: csaf_redhat.ndjson
2025-06-01 05:22:50,661 - INFO - Processing feed 12/28: csaf_sick
2025-06-01 05:22:50,662 - INFO - Trying primary URL: https://vulnerability.circl.lu/dumps/csaf_sick.ndjson
2025-06-01 05:22:50,950 - INFO - File already exists with correct size: csaf_sick.ndjson
2025-06-01 05:22:51,952 - INFO - Processing feed 13/28: csaf_siemens
2025-06-01 05:22:51,952 - INFO - Trying primary URL: https://vulnerability.circl.lu/dumps/csaf_siemens.ndjson
2025-06-01 05:22:52,243 - INFO - File already exists with correct size: csaf_siemens.ndjson
2025-06-01 05:22:53,254 - INFO - Processing feed 14/28: csaf_suse
2025-06-01 05:22:53,255 - INFO - Trying primary URL: https://vulnerability.circl.lu/dumps/csaf_suse.ndjson
2025-06-01 05:22:53,482 - INFO - File already exists with correct size: csaf_suse.ndjson
2025-06-01 05:22:54,483 - INFO - Processing feed 15/28: cvelistv5
2025-06-01 05:22:54,483 - INFO - Trying primary URL: https://vulnerability.circl.lu/dumps/cvelistv5.ndjson
2025-06-01 05:22:54,692 - INFO - File exists but size differs (existing: 4283181466, expected: 4283192279)
2025-06-01 05:22:54,692 - INFO - Downloading https://vulnerability.circl.lu/dumps/cvelistv5.ndjson to W:\raw_circl\cvelistv5.ndjson
2025-06-01 05:45:22,910 - INFO - Successfully downloaded: cvelistv5.ndjson
2025-06-01 05:45:23,925 - INFO - Processing feed 16/28: cwec
2025-06-01 05:45:23,926 - INFO - Trying primary URL: https://vulnerability.circl.lu/dumps/cwec.ndjson
2025-06-01 05:45:24,127 - INFO - File already exists with correct size: cwec.ndjson
2025-06-01 05:45:25,144 - INFO - Processing feed 17/28: emb3d
2025-06-01 05:45:25,144 - INFO - Trying primary URL: https://vulnerability.circl.lu/dumps/emb3d.ndjson
2025-06-01 05:45:25,394 - INFO - File already exists with correct size: emb3d.ndjson
2025-06-01 05:45:26,401 - INFO - Processing feed 18/28: fkie_nvd
2025-06-01 05:45:26,401 - INFO - Trying primary URL: https://vulnerability.circl.lu/dumps/fkie_nvd.ndjson
2025-06-01 05:45:26,628 - INFO - File exists but size differs (existing: 1317917109, expected: 1318013253)
2025-06-01 05:45:26,629 - INFO - Downloading https://vulnerability.circl.lu/dumps/fkie_nvd.ndjson to W:\raw_circl\fkie_nvd.ndjson
2025-06-01 05:52:15,718 - INFO - Successfully downloaded: fkie_nvd.ndjson
2025-06-01 05:52:16,726 - INFO - Processing feed 19/28: github
2025-06-01 05:52:16,726 - INFO - Trying primary URL: https://vulnerability.circl.lu/dumps/github.ndjson
2025-06-01 05:52:16,954 - INFO - File exists but size differs (existing: 339282556, expected: 339285422)
2025-06-01 05:52:16,955 - INFO - Downloading https://vulnerability.circl.lu/dumps/github.ndjson to W:\raw_circl\github.ndjson
2025-06-01 05:54:17,194 - INFO - Successfully downloaded: github.ndjson
2025-06-01 05:54:18,203 - INFO - Processing feed 20/28: gna-1
2025-06-01 05:54:18,203 - INFO - Trying primary URL: https://vulnerability.circl.lu/dumps/gna-1.ndjson
2025-06-01 05:54:18,398 - INFO - File already exists with correct size: gna-1.ndjson
2025-06-01 05:54:19,400 - INFO - Processing feed 21/28: gsd
2025-06-01 05:54:19,401 - INFO - Trying primary URL: https://vulnerability.circl.lu/dumps/gsd.ndjson
2025-06-01 05:54:19,708 - INFO - File already exists with correct size: gsd.ndjson
2025-06-01 05:54:20,722 - INFO - Processing feed 22/28: jvndb
2025-06-01 05:54:20,723 - INFO - Trying primary URL: https://vulnerability.circl.lu/dumps/jvndb.ndjson
2025-06-01 05:54:20,938 - INFO - File exists but size differs (existing: 5651337, expected: 5651345)
2025-06-01 05:54:20,939 - INFO - Downloading https://vulnerability.circl.lu/dumps/jvndb.ndjson to W:\raw_circl\jvndb.ndjson
2025-06-01 05:54:21,922 - INFO - Successfully downloaded: jvndb.ndjson
2025-06-01 05:54:22,933 - INFO - Processing feed 23/28: nvd
2025-06-01 05:54:22,934 - INFO - Trying primary URL: https://vulnerability.circl.lu/dumps/nvd.ndjson
2025-06-01 05:54:23,213 - INFO - File exists but size differs (existing: 4281651371, expected: 4281652217)
2025-06-01 05:54:23,214 - INFO - Downloading https://vulnerability.circl.lu/dumps/nvd.ndjson to W:\raw_circl\nvd.ndjson
2025-06-01 06:20:20,626 - INFO - Successfully downloaded: nvd.ndjson
2025-06-01 06:20:21,639 - INFO - Processing feed 24/28: ossf_malicious_packages
2025-06-01 06:20:21,640 - INFO - Trying primary URL: https://vulnerability.circl.lu/dumps/ossf_malicious_packages.ndjson
2025-06-01 06:20:23,808 - INFO - File already exists with correct size: ossf_malicious_packages.ndjson
2025-06-01 06:20:24,810 - INFO - Processing feed 25/28: pysec
2025-06-01 06:20:24,810 - INFO - Trying primary URL: https://vulnerability.circl.lu/dumps/pysec.ndjson
2025-06-01 06:20:25,035 - INFO - File already exists with correct size: pysec.ndjson
2025-06-01 06:20:26,045 - INFO - Processing feed 26/28: tailscale
2025-06-01 06:20:26,045 - INFO - Trying primary URL: https://vulnerability.circl.lu/dumps/tailscale.ndjson
2025-06-01 06:20:26,262 - INFO - File already exists with correct size: tailscale.ndjson
2025-06-01 06:20:27,273 - INFO - Processing feed 27/28: variot
2025-06-01 06:20:27,273 - INFO - Trying primary URL: https://vulnerability.circl.lu/dumps/variot.ndjson
2025-06-01 06:20:27,479 - INFO - File already exists with correct size: variot.ndjson
2025-06-01 06:20:28,487 - INFO - Processing feed 28/28: vulnrichment
2025-06-01 06:20:28,488 - INFO - Trying primary URL: https://vulnerability.circl.lu/dumps/vulnrichment.ndjson
2025-06-01 06:20:28,602 - INFO - Primary URL not found, trying alternative extensions for vulnrichment
2025-06-01 06:20:28,604 - INFO - Trying URL: https://vulnerability.circl.lu/dumps/vulnrichment.ndjson
2025-06-01 06:20:28,710 - INFO - Trying URL: https://vulnerability.circl.lu/dumps/vulnrichment.json
2025-06-01 06:20:28,810 - INFO - Trying URL: https://vulnerability.circl.lu/dumps/vulnrichment.json.gz
2025-06-01 06:20:28,901 - INFO - Trying URL: https://vulnerability.circl.lu/dumps/vulnrichment.ndjson.gz
2025-06-01 06:20:29,032 - INFO - Trying URL: https://vulnerability.circl.lu/dumps/vulnrichment.gz
2025-06-01 06:20:29,318 - INFO - Trying URL: https://vulnerability.circl.lu/dumps/vulnrichment
2025-06-01 06:20:29,478 - ERROR - Could not find any working URL for feed: vulnrichment
2025-06-01 06:20:30,485 - INFO - Download completed: 27/28 feeds downloaded successfully
2025-06-01 06:20:30,486 - WARNING - Failed to download 1 feeds
2025-06-01 06:20:30,488 - INFO - Script completed in 8002.80 seconds
2025-06-01 06:20:30,489 - ERROR - Some downloads failed. Check the log for details.
