2025-05-31 21:44:27,300 - INFO - Starting CIRCL vulnerability feeds download
2025-05-31 21:44:27,300 - INFO - Target directory: W:\raw_circl
2025-05-31 21:44:27,300 - INFO - Number of feeds to download: 28
2025-05-31 21:44:27,301 - INFO - Target directory created/verified: W:\raw_circl
2025-05-31 21:44:27,301 - INFO - Starting download of 28 feeds to W:\raw_circl
2025-05-31 21:44:27,302 - INFO - Processing feed 1/28: capec
2025-05-31 21:44:27,487 - INFO - Downloading https://vulnerability.circl.lu/dumps/capec to W:\raw_circl\capec
2025-05-31 21:44:27,589 - ERROR - Download attempt 1 failed for https://vulnerability.circl.lu/dumps/capec: 404 Client Error: Not Found for url: https://vulnerability.circl.lu/dumps/capec
2025-05-31 21:44:27,590 - INFO - Retrying in 1 seconds...
2025-05-31 21:44:28,700 - INFO - Downloading https://vulnerability.circl.lu/dumps/capec to W:\raw_circl\capec
2025-05-31 21:44:28,797 - ERROR - Download attempt 2 failed for https://vulnerability.circl.lu/dumps/capec: 404 Client Error: Not Found for url: https://vulnerability.circl.lu/dumps/capec
2025-05-31 21:44:28,798 - INFO - Retrying in 2 seconds...
2025-05-31 21:44:30,904 - INFO - Downloading https://vulnerability.circl.lu/dumps/capec to W:\raw_circl\capec
2025-05-31 21:44:31,006 - ERROR - Download attempt 3 failed for https://vulnerability.circl.lu/dumps/capec: 404 Client Error: Not Found for url: https://vulnerability.circl.lu/dumps/capec
2025-05-31 21:44:31,006 - ERROR - Failed to download https://vulnerability.circl.lu/dumps/capec after 3 attempts
2025-05-31 21:44:32,007 - INFO - Processing feed 2/28: circl
2025-05-31 21:44:32,123 - INFO - Downloading https://vulnerability.circl.lu/dumps/circl to W:\raw_circl\circl
2025-05-31 21:44:32,215 - ERROR - Download attempt 1 failed for https://vulnerability.circl.lu/dumps/circl: 404 Client Error: Not Found for url: https://vulnerability.circl.lu/dumps/circl
2025-05-31 21:44:32,216 - INFO - Retrying in 1 seconds...
2025-05-31 21:44:33,314 - INFO - Downloading https://vulnerability.circl.lu/dumps/circl to W:\raw_circl\circl
2025-05-31 21:44:33,413 - ERROR - Download attempt 2 failed for https://vulnerability.circl.lu/dumps/circl: 404 Client Error: Not Found for url: https://vulnerability.circl.lu/dumps/circl
2025-05-31 21:44:33,414 - INFO - Retrying in 2 seconds...
2025-05-31 21:44:35,519 - INFO - Downloading https://vulnerability.circl.lu/dumps/circl to W:\raw_circl\circl
2025-05-31 21:44:35,625 - ERROR - Download attempt 3 failed for https://vulnerability.circl.lu/dumps/circl: 404 Client Error: Not Found for url: https://vulnerability.circl.lu/dumps/circl
2025-05-31 21:44:35,625 - ERROR - Failed to download https://vulnerability.circl.lu/dumps/circl after 3 attempts
2025-05-31 21:44:36,627 - INFO - Processing feed 3/28: csaf_certbund
2025-05-31 21:44:36,739 - INFO - Downloading https://vulnerability.circl.lu/dumps/csaf_certbund to W:\raw_circl\csaf_certbund
2025-05-31 21:44:36,843 - ERROR - Download attempt 1 failed for https://vulnerability.circl.lu/dumps/csaf_certbund: 404 Client Error: Not Found for url: https://vulnerability.circl.lu/dumps/csaf_certbund
2025-05-31 21:44:36,843 - INFO - Retrying in 1 seconds...
2025-05-31 21:44:37,945 - INFO - Downloading https://vulnerability.circl.lu/dumps/csaf_certbund to W:\raw_circl\csaf_certbund
2025-05-31 21:44:38,052 - ERROR - Download attempt 2 failed for https://vulnerability.circl.lu/dumps/csaf_certbund: 404 Client Error: Not Found for url: https://vulnerability.circl.lu/dumps/csaf_certbund
2025-05-31 21:44:38,053 - INFO - Retrying in 2 seconds...
2025-05-31 21:44:40,149 - INFO - Downloading https://vulnerability.circl.lu/dumps/csaf_certbund to W:\raw_circl\csaf_certbund
2025-05-31 21:44:40,250 - ERROR - Download attempt 3 failed for https://vulnerability.circl.lu/dumps/csaf_certbund: 404 Client Error: Not Found for url: https://vulnerability.circl.lu/dumps/csaf_certbund
2025-05-31 21:44:40,251 - ERROR - Failed to download https://vulnerability.circl.lu/dumps/csaf_certbund after 3 attempts
2025-05-31 21:44:41,252 - INFO - Processing feed 4/28: csaf_cisa
2025-05-31 21:44:41,357 - INFO - Downloading https://vulnerability.circl.lu/dumps/csaf_cisa to W:\raw_circl\csaf_cisa
2025-05-31 21:44:41,458 - ERROR - Download attempt 1 failed for https://vulnerability.circl.lu/dumps/csaf_cisa: 404 Client Error: Not Found for url: https://vulnerability.circl.lu/dumps/csaf_cisa
2025-05-31 21:44:41,458 - INFO - Retrying in 1 seconds...
2025-05-31 21:44:42,561 - INFO - Downloading https://vulnerability.circl.lu/dumps/csaf_cisa to W:\raw_circl\csaf_cisa
2025-05-31 21:44:42,667 - ERROR - Download attempt 2 failed for https://vulnerability.circl.lu/dumps/csaf_cisa: 404 Client Error: Not Found for url: https://vulnerability.circl.lu/dumps/csaf_cisa
2025-05-31 21:44:42,667 - INFO - Retrying in 2 seconds...
2025-05-31 21:44:44,772 - INFO - Downloading https://vulnerability.circl.lu/dumps/csaf_cisa to W:\raw_circl\csaf_cisa
2025-05-31 21:44:44,883 - ERROR - Download attempt 3 failed for https://vulnerability.circl.lu/dumps/csaf_cisa: 404 Client Error: Not Found for url: https://vulnerability.circl.lu/dumps/csaf_cisa
2025-05-31 21:44:44,883 - ERROR - Failed to download https://vulnerability.circl.lu/dumps/csaf_cisa after 3 attempts
2025-05-31 21:44:45,885 - INFO - Processing feed 5/28: csaf_cisco
2025-05-31 21:44:45,984 - INFO - Downloading https://vulnerability.circl.lu/dumps/csaf_cisco to W:\raw_circl\csaf_cisco
2025-05-31 21:44:46,082 - ERROR - Download attempt 1 failed for https://vulnerability.circl.lu/dumps/csaf_cisco: 404 Client Error: Not Found for url: https://vulnerability.circl.lu/dumps/csaf_cisco
2025-05-31 21:44:46,084 - INFO - Retrying in 1 seconds...
2025-05-31 21:44:47,183 - INFO - Downloading https://vulnerability.circl.lu/dumps/csaf_cisco to W:\raw_circl\csaf_cisco
2025-05-31 21:44:47,288 - ERROR - Download attempt 2 failed for https://vulnerability.circl.lu/dumps/csaf_cisco: 404 Client Error: Not Found for url: https://vulnerability.circl.lu/dumps/csaf_cisco
2025-05-31 21:44:47,289 - INFO - Retrying in 2 seconds...
2025-05-31 21:44:49,377 - INFO - Downloading https://vulnerability.circl.lu/dumps/csaf_cisco to W:\raw_circl\csaf_cisco
2025-05-31 21:44:49,479 - ERROR - Download attempt 3 failed for https://vulnerability.circl.lu/dumps/csaf_cisco: 404 Client Error: Not Found for url: https://vulnerability.circl.lu/dumps/csaf_cisco
2025-05-31 21:44:49,480 - ERROR - Failed to download https://vulnerability.circl.lu/dumps/csaf_cisco after 3 attempts
2025-05-31 21:44:50,480 - INFO - Processing feed 6/28: csaf_microsoft
2025-05-31 21:44:50,581 - INFO - Downloading https://vulnerability.circl.lu/dumps/csaf_microsoft to W:\raw_circl\csaf_microsoft
2025-05-31 21:44:50,687 - ERROR - Download attempt 1 failed for https://vulnerability.circl.lu/dumps/csaf_microsoft: 404 Client Error: Not Found for url: https://vulnerability.circl.lu/dumps/csaf_microsoft
2025-05-31 21:44:50,687 - INFO - Retrying in 1 seconds...
2025-05-31 21:44:51,785 - INFO - Downloading https://vulnerability.circl.lu/dumps/csaf_microsoft to W:\raw_circl\csaf_microsoft
2025-05-31 21:44:51,884 - ERROR - Download attempt 2 failed for https://vulnerability.circl.lu/dumps/csaf_microsoft: 404 Client Error: Not Found for url: https://vulnerability.circl.lu/dumps/csaf_microsoft
2025-05-31 21:44:51,885 - INFO - Retrying in 2 seconds...
2025-05-31 21:44:53,981 - INFO - Downloading https://vulnerability.circl.lu/dumps/csaf_microsoft to W:\raw_circl\csaf_microsoft
2025-05-31 21:44:54,072 - ERROR - Download attempt 3 failed for https://vulnerability.circl.lu/dumps/csaf_microsoft: 404 Client Error: Not Found for url: https://vulnerability.circl.lu/dumps/csaf_microsoft
2025-05-31 21:44:54,072 - ERROR - Failed to download https://vulnerability.circl.lu/dumps/csaf_microsoft after 3 attempts
2025-05-31 21:44:55,074 - INFO - Processing feed 7/28: csaf_ncscnl
2025-05-31 21:44:55,177 - INFO - Downloading https://vulnerability.circl.lu/dumps/csaf_ncscnl to W:\raw_circl\csaf_ncscnl
2025-05-31 21:44:55,279 - ERROR - Download attempt 1 failed for https://vulnerability.circl.lu/dumps/csaf_ncscnl: 404 Client Error: Not Found for url: https://vulnerability.circl.lu/dumps/csaf_ncscnl
2025-05-31 21:44:55,279 - INFO - Retrying in 1 seconds...
2025-05-31 21:44:56,379 - INFO - Downloading https://vulnerability.circl.lu/dumps/csaf_ncscnl to W:\raw_circl\csaf_ncscnl
2025-05-31 21:44:56,472 - ERROR - Download attempt 2 failed for https://vulnerability.circl.lu/dumps/csaf_ncscnl: 404 Client Error: Not Found for url: https://vulnerability.circl.lu/dumps/csaf_ncscnl
2025-05-31 21:44:56,473 - INFO - Retrying in 2 seconds...
2025-05-31 21:44:58,572 - INFO - Downloading https://vulnerability.circl.lu/dumps/csaf_ncscnl to W:\raw_circl\csaf_ncscnl
2025-05-31 21:44:58,673 - ERROR - Download attempt 3 failed for https://vulnerability.circl.lu/dumps/csaf_ncscnl: 404 Client Error: Not Found for url: https://vulnerability.circl.lu/dumps/csaf_ncscnl
2025-05-31 21:44:58,674 - ERROR - Failed to download https://vulnerability.circl.lu/dumps/csaf_ncscnl after 3 attempts
2025-05-31 21:44:59,674 - INFO - Processing feed 8/28: csaf_nozominetworks
2025-05-31 21:44:59,781 - INFO - Downloading https://vulnerability.circl.lu/dumps/csaf_nozominetworks to W:\raw_circl\csaf_nozominetworks
2025-05-31 21:44:59,877 - ERROR - Download attempt 1 failed for https://vulnerability.circl.lu/dumps/csaf_nozominetworks: 404 Client Error: Not Found for url: https://vulnerability.circl.lu/dumps/csaf_nozominetworks
2025-05-31 21:44:59,878 - INFO - Retrying in 1 seconds...
2025-05-31 21:45:00,983 - INFO - Downloading https://vulnerability.circl.lu/dumps/csaf_nozominetworks to W:\raw_circl\csaf_nozominetworks
2025-05-31 21:45:01,088 - ERROR - Download attempt 2 failed for https://vulnerability.circl.lu/dumps/csaf_nozominetworks: 404 Client Error: Not Found for url: https://vulnerability.circl.lu/dumps/csaf_nozominetworks
2025-05-31 21:45:01,089 - INFO - Retrying in 2 seconds...
2025-05-31 21:45:03,196 - INFO - Downloading https://vulnerability.circl.lu/dumps/csaf_nozominetworks to W:\raw_circl\csaf_nozominetworks
2025-05-31 21:45:03,296 - ERROR - Download attempt 3 failed for https://vulnerability.circl.lu/dumps/csaf_nozominetworks: 404 Client Error: Not Found for url: https://vulnerability.circl.lu/dumps/csaf_nozominetworks
2025-05-31 21:45:03,296 - ERROR - Failed to download https://vulnerability.circl.lu/dumps/csaf_nozominetworks after 3 attempts
2025-05-31 21:45:04,296 - INFO - Processing feed 9/28: csaf_opensuse
2025-05-31 21:45:04,405 - INFO - Downloading https://vulnerability.circl.lu/dumps/csaf_opensuse to W:\raw_circl\csaf_opensuse
2025-05-31 21:45:04,511 - ERROR - Download attempt 1 failed for https://vulnerability.circl.lu/dumps/csaf_opensuse: 404 Client Error: Not Found for url: https://vulnerability.circl.lu/dumps/csaf_opensuse
2025-05-31 21:45:04,511 - INFO - Retrying in 1 seconds...
2025-05-31 21:45:05,628 - INFO - Downloading https://vulnerability.circl.lu/dumps/csaf_opensuse to W:\raw_circl\csaf_opensuse
2025-05-31 21:45:05,740 - ERROR - Download attempt 2 failed for https://vulnerability.circl.lu/dumps/csaf_opensuse: 404 Client Error: Not Found for url: https://vulnerability.circl.lu/dumps/csaf_opensuse
2025-05-31 21:45:05,740 - INFO - Retrying in 2 seconds...
2025-05-31 21:45:57,182 - INFO - Starting CIRCL vulnerability feeds download
2025-05-31 21:45:57,183 - INFO - Target directory: W:\raw_circl
2025-05-31 21:45:57,183 - INFO - Number of feeds to download: 28
2025-05-31 21:45:57,183 - INFO - Target directory created/verified: W:\raw_circl
2025-05-31 21:45:57,183 - INFO - Starting download of 28 feeds to W:\raw_circl
2025-05-31 21:45:57,183 - INFO - Processing feed 1/28: capec
2025-05-31 21:45:57,183 - INFO - Trying primary URL: https://vulnerability.circl.lu/dumps/capec.ndjson
2025-05-31 21:45:57,397 - INFO - Downloading https://vulnerability.circl.lu/dumps/capec.ndjson to W:\raw_circl\capec.ndjson
2025-05-31 21:45:58,104 - INFO - Successfully downloaded: capec.ndjson
2025-05-31 21:45:59,105 - INFO - Processing feed 2/28: circl
2025-05-31 21:45:59,105 - INFO - Trying primary URL: https://vulnerability.circl.lu/dumps/circl.ndjson
2025-05-31 21:45:59,314 - INFO - Downloading https://vulnerability.circl.lu/dumps/circl.ndjson to W:\raw_circl\circl.ndjson
2025-05-31 21:45:59,425 - INFO - Successfully downloaded: circl.ndjson
2025-05-31 21:46:00,426 - INFO - Processing feed 3/28: csaf_certbund
2025-05-31 21:46:00,426 - INFO - Trying primary URL: https://vulnerability.circl.lu/dumps/csaf_certbund.ndjson
2025-05-31 21:46:00,639 - INFO - Downloading https://vulnerability.circl.lu/dumps/csaf_certbund.ndjson to W:\raw_circl\csaf_certbund.ndjson
2025-05-31 21:46:50,655 - INFO - Successfully downloaded: csaf_certbund.ndjson
2025-05-31 21:46:51,655 - INFO - Processing feed 4/28: csaf_cisa
2025-05-31 21:46:51,655 - INFO - Trying primary URL: https://vulnerability.circl.lu/dumps/csaf_cisa.ndjson
2025-05-31 21:46:51,861 - INFO - Downloading https://vulnerability.circl.lu/dumps/csaf_cisa.ndjson to W:\raw_circl\csaf_cisa.ndjson
2025-05-31 21:47:17,446 - INFO - Successfully downloaded: csaf_cisa.ndjson
2025-05-31 21:47:18,449 - INFO - Processing feed 5/28: csaf_cisco
2025-05-31 21:47:18,449 - INFO - Trying primary URL: https://vulnerability.circl.lu/dumps/csaf_cisco.ndjson
2025-05-31 21:47:18,809 - INFO - Downloading https://vulnerability.circl.lu/dumps/csaf_cisco.ndjson to W:\raw_circl\csaf_cisco.ndjson
2025-05-31 21:48:18,673 - INFO - Successfully downloaded: csaf_cisco.ndjson
2025-05-31 21:48:19,674 - INFO - Processing feed 6/28: csaf_microsoft
2025-05-31 21:48:19,674 - INFO - Trying primary URL: https://vulnerability.circl.lu/dumps/csaf_microsoft.ndjson
2025-05-31 21:48:19,898 - INFO - Downloading https://vulnerability.circl.lu/dumps/csaf_microsoft.ndjson to W:\raw_circl\csaf_microsoft.ndjson
2025-05-31 21:48:32,873 - INFO - Successfully downloaded: csaf_microsoft.ndjson
2025-05-31 21:48:33,874 - INFO - Processing feed 7/28: csaf_ncscnl
2025-05-31 21:48:33,874 - INFO - Trying primary URL: https://vulnerability.circl.lu/dumps/csaf_ncscnl.ndjson
2025-05-31 21:48:34,107 - INFO - Downloading https://vulnerability.circl.lu/dumps/csaf_ncscnl.ndjson to W:\raw_circl\csaf_ncscnl.ndjson
2025-05-31 21:48:36,989 - INFO - Successfully downloaded: csaf_ncscnl.ndjson
2025-05-31 21:48:37,990 - INFO - Processing feed 8/28: csaf_nozominetworks
2025-05-31 21:48:37,990 - INFO - Trying primary URL: https://vulnerability.circl.lu/dumps/csaf_nozominetworks.ndjson
2025-05-31 21:48:38,188 - INFO - Downloading https://vulnerability.circl.lu/dumps/csaf_nozominetworks.ndjson to W:\raw_circl\csaf_nozominetworks.ndjson
2025-05-31 21:48:38,421 - INFO - Successfully downloaded: csaf_nozominetworks.ndjson
2025-05-31 21:48:39,423 - INFO - Processing feed 9/28: csaf_opensuse
2025-05-31 21:48:39,423 - INFO - Trying primary URL: https://vulnerability.circl.lu/dumps/csaf_opensuse.ndjson
2025-05-31 21:48:40,622 - INFO - Downloading https://vulnerability.circl.lu/dumps/csaf_opensuse.ndjson to W:\raw_circl\csaf_opensuse.ndjson
2025-05-31 21:50:56,575 - INFO - Successfully downloaded: csaf_opensuse.ndjson
2025-05-31 21:50:57,577 - INFO - Processing feed 10/28: csaf_ox
2025-05-31 21:50:57,577 - INFO - Trying primary URL: https://vulnerability.circl.lu/dumps/csaf_ox.ndjson
2025-05-31 21:50:57,787 - INFO - Downloading https://vulnerability.circl.lu/dumps/csaf_ox.ndjson to W:\raw_circl\csaf_ox.ndjson
2025-05-31 21:50:58,019 - INFO - Successfully downloaded: csaf_ox.ndjson
2025-05-31 21:50:59,021 - INFO - Processing feed 11/28: csaf_redhat
2025-05-31 21:50:59,021 - INFO - Trying primary URL: https://vulnerability.circl.lu/dumps/csaf_redhat.ndjson
2025-05-31 21:50:59,209 - INFO - Downloading https://vulnerability.circl.lu/dumps/csaf_redhat.ndjson to W:\raw_circl\csaf_redhat.ndjson
2025-05-31 22:46:04,533 - ERROR - Download attempt 1 failed for https://vulnerability.circl.lu/dumps/csaf_redhat.ndjson: ('Connection broken: IncompleteRead(9606683456 bytes read, 2904230774 more expected)', IncompleteRead(9606683456 bytes read, 2904230774 more expected))
2025-05-31 22:46:04,536 - INFO - Retrying in 1 seconds...
2025-05-31 22:46:05,782 - INFO - Downloading https://vulnerability.circl.lu/dumps/csaf_redhat.ndjson to W:\raw_circl\csaf_redhat.ndjson
2025-05-31 23:05:05,510 - ERROR - Download attempt 2 failed for https://vulnerability.circl.lu/dumps/csaf_redhat.ndjson: ('Connection broken: IncompleteRead(2611658324 bytes read, 9899255906 more expected)', IncompleteRead(2611658324 bytes read, 9899255906 more expected))
2025-05-31 23:05:05,510 - INFO - Retrying in 2 seconds...
2025-05-31 23:05:07,814 - INFO - Downloading https://vulnerability.circl.lu/dumps/csaf_redhat.ndjson to W:\raw_circl\csaf_redhat.ndjson
2025-05-31 23:15:12,116 - INFO - Running in check-only mode
2025-05-31 23:15:12,117 - INFO - Checking existing files in W:\raw_circl:
2025-05-31 23:15:12,133 - INFO - File validation passed: capec.ndjson (2,472,584 bytes)
2025-05-31 23:15:12,159 - INFO - File validation passed: circl.ndjson (8,346 bytes)
2025-05-31 23:15:12,161 - INFO - File validation passed: csaf_certbund.ndjson (139,676,461 bytes)
2025-05-31 23:15:13,705 - INFO - File validation passed: csaf_cisa.ndjson (83,076,046 bytes)
2025-05-31 23:15:13,708 - INFO - File validation passed: csaf_cisco.ndjson (149,307,784 bytes)
2025-05-31 23:15:13,720 - INFO - File validation passed: csaf_microsoft.ndjson (49,081,361 bytes)
2025-05-31 23:15:13,732 - INFO - File validation passed: csaf_ncscnl.ndjson (13,546,550 bytes)
2025-05-31 23:15:13,746 - INFO - File validation passed: csaf_nozominetworks.ndjson (274,920 bytes)
2025-05-31 23:15:13,760 - INFO - File validation passed: csaf_opensuse.ndjson (401,175,995 bytes)
2025-05-31 23:15:13,772 - INFO - File validation passed: csaf_ox.ndjson (398,590 bytes)
2025-05-31 23:15:13,774 - WARNING - Found 1 temporary files (incomplete downloads):
2025-05-31 23:15:13,785 - INFO - 
Download Summary:
2025-05-31 23:15:13,785 - INFO -   Complete downloads: 10/28
2025-05-31 23:15:13,785 - INFO -   Missing feeds: 18
2025-05-31 23:15:13,785 - INFO -   Missing: csaf_redhat, csaf_sick, csaf_siemens, csaf_suse, cvelistv5, cwec, emb3d, fkie_nvd, github, gna-1, gsd, jvndb, nvd, ossf_malicious_packages, pysec, tailscale, variot, vulnrichment
2025-05-31 23:15:38,564 - INFO - Running in check-only mode
2025-05-31 23:15:38,564 - INFO - Checking existing files in W:\raw_circl:
2025-05-31 23:15:38,564 - INFO - File validation passed: capec.ndjson (2,472,584 bytes)
2025-05-31 23:15:38,564 - INFO -   [OK] capec.ndjson: 2.36 MB (complete)
2025-05-31 23:15:38,566 - INFO - File validation passed: circl.ndjson (8,346 bytes)
2025-05-31 23:15:38,566 - INFO -   [OK] circl.ndjson: 0.01 MB (complete)
2025-05-31 23:15:38,566 - INFO - File validation passed: csaf_certbund.ndjson (139,676,461 bytes)
2025-05-31 23:15:38,567 - INFO -   [OK] csaf_certbund.ndjson: 133.21 MB (complete)
2025-05-31 23:15:38,567 - INFO - File validation passed: csaf_cisa.ndjson (83,076,046 bytes)
2025-05-31 23:15:38,567 - INFO -   [OK] csaf_cisa.ndjson: 79.23 MB (complete)
2025-05-31 23:15:38,567 - INFO - File validation passed: csaf_cisco.ndjson (149,307,784 bytes)
2025-05-31 23:15:38,567 - INFO -   [OK] csaf_cisco.ndjson: 142.39 MB (complete)
2025-05-31 23:15:38,568 - INFO - File validation passed: csaf_microsoft.ndjson (49,081,361 bytes)
2025-05-31 23:15:38,568 - INFO -   [OK] csaf_microsoft.ndjson: 46.81 MB (complete)
2025-05-31 23:15:38,568 - INFO - File validation passed: csaf_ncscnl.ndjson (13,546,550 bytes)
2025-05-31 23:15:38,568 - INFO -   [OK] csaf_ncscnl.ndjson: 12.92 MB (complete)
2025-05-31 23:15:38,568 - INFO - File validation passed: csaf_nozominetworks.ndjson (274,920 bytes)
2025-05-31 23:15:38,569 - INFO -   [OK] csaf_nozominetworks.ndjson: 0.26 MB (complete)
2025-05-31 23:15:38,569 - INFO - File validation passed: csaf_opensuse.ndjson (401,175,995 bytes)
2025-05-31 23:15:38,569 - INFO -   [OK] csaf_opensuse.ndjson: 382.59 MB (complete)
2025-05-31 23:15:38,569 - INFO - File validation passed: csaf_ox.ndjson (398,590 bytes)
2025-05-31 23:15:38,570 - INFO -   [OK] csaf_ox.ndjson: 0.38 MB (complete)
2025-05-31 23:15:38,570 - WARNING - Found 1 temporary files (incomplete downloads):
2025-05-31 23:15:38,570 - WARNING -   [TEMP] csaf_redhat.ndjson.tmp
2025-05-31 23:15:38,571 - INFO - 
Download Summary:
2025-05-31 23:15:38,571 - INFO -   Complete downloads: 10/28
2025-05-31 23:15:38,571 - INFO -   Missing feeds: 18
2025-05-31 23:15:38,571 - INFO -   Missing: csaf_redhat, csaf_sick, csaf_siemens, csaf_suse, cvelistv5, cwec, emb3d, fkie_nvd, github, gna-1, gsd, jvndb, nvd, ossf_malicious_packages, pysec, tailscale, variot, vulnrichment
