2025-06-08 10:50:32,453 - INFO - Starting robust CVE catalog conversion from ../../../../catalogs_processed/2025-06-08_snapshot.jsonl to cve_catalog_robust_20250608_105032.csv
2025-06-08 10:50:33,905 - INFO - Processed 10,000 records...
2025-06-08 10:50:35,133 - INFO - Processed 20,000 records...
2025-06-08 10:50:36,621 - INFO - Processed 30,000 records...
2025-06-08 10:50:38,178 - INFO - Processed 40,000 records...
2025-06-08 10:50:39,904 - INFO - Processed 50,000 records...
2025-06-08 10:50:41,602 - INFO - Processed 60,000 records...
2025-06-08 10:50:43,209 - INFO - Processed 70,000 records...
2025-06-08 10:50:44,647 - INFO - Processed 80,000 records...
2025-06-08 10:50:46,245 - INFO - Processed 90,000 records...
2025-06-08 10:50:47,917 - INFO - Processed 100,000 records...
2025-06-08 10:50:49,465 - INFO - Processed 110,000 records...
2025-06-08 10:50:51,321 - INFO - Processed 120,000 records...
2025-06-08 10:50:52,947 - INFO - Processed 130,000 records...
2025-06-08 10:50:54,638 - INFO - Processed 140,000 records...
2025-06-08 10:50:56,675 - INFO - Processed 150,000 records...
2025-06-08 10:50:58,562 - INFO - Processed 160,000 records...
2025-06-08 10:51:00,696 - INFO - Processed 170,000 records...
2025-06-08 10:51:02,833 - INFO - Processed 180,000 records...
2025-06-08 10:51:04,915 - INFO - Processed 190,000 records...
2025-06-08 10:51:06,392 - INFO - Processed 200,000 records...
2025-06-08 10:51:08,386 - INFO - Processed 210,000 records...
2025-06-08 10:51:10,291 - INFO - Processed 220,000 records...
2025-06-08 10:51:12,310 - INFO - Processed 230,000 records...
2025-06-08 10:51:14,972 - INFO - Processed 240,000 records...
2025-06-08 10:51:17,342 - INFO - Processed 250,000 records...
2025-06-08 10:51:19,528 - WARNING - Score mismatch detected: original=2.1, validated=1.2
2025-06-08 10:51:19,530 - WARNING - Score mismatch detected: original=2.1, validated=1.2
2025-06-08 10:51:19,532 - WARNING - Score mismatch detected: original=2.1, validated=1.2
2025-06-08 10:51:19,545 - WARNING - Score mismatch detected: original=5.6, validated=5.7
2025-06-08 10:51:19,603 - WARNING - Score mismatch detected: original=5.3, validated=2.1
2025-06-08 10:51:20,028 - INFO - Processed 260,000 records...
2025-06-08 10:51:21,997 - WARNING - Score mismatch detected: original=5.3, validated=5.4
2025-06-08 10:51:22,571 - WARNING - Score mismatch detected: original=2.0, validated=5.1
2025-06-08 10:51:22,573 - WARNING - Score mismatch detected: original=2.0, validated=5.1
2025-06-08 10:51:23,214 - INFO - Processed 270,000 records...
2025-06-08 10:51:23,693 - WARNING - Score mismatch detected: original=6.9, validated=5.5
2025-06-08 10:51:23,733 - WARNING - Score mismatch detected: original=5.3, validated=5.4
2025-06-08 10:51:24,527 - WARNING - Score mismatch detected: original=7.7, validated=6.6
2025-06-08 10:51:24,670 - WARNING - Score mismatch detected: original=7.7, validated=6.8
2025-06-08 10:51:24,761 - WARNING - Score mismatch detected: original=7.7, validated=6.6
2025-06-08 10:51:25,649 - INFO - Processed 280,000 records...
2025-06-08 10:51:25,995 - WARNING - Score mismatch detected: original=5.6, validated=5.7
2025-06-08 10:51:26,044 - WARNING - Score mismatch detected: original=5.6, validated=5.7
2025-06-08 10:51:26,477 - WARNING - Score mismatch detected: original=8.8, validated=7.8
2025-06-08 10:51:26,478 - WARNING - Score mismatch detected: original=7.7, validated=6.6
2025-06-08 10:51:26,543 - WARNING - Score mismatch detected: original=6.3, validated=2.9
2025-06-08 10:51:26,675 - WARNING - Score mismatch detected: original=5.3, validated=1.3
2025-06-08 10:51:26,700 - WARNING - Score mismatch detected: original=5.8, validated=5.9
2025-06-08 10:51:26,701 - WARNING - Score mismatch detected: original=5.8, validated=5.9
2025-06-08 10:51:26,729 - WARNING - Score mismatch detected: original=5.1, validated=2.0
2025-06-08 10:51:26,803 - WARNING - Score mismatch detected: original=6.1, validated=4.8
2025-06-08 10:51:26,873 - WARNING - Score mismatch detected: original=5.6, validated=5.7
2025-06-08 10:51:27,186 - WARNING - Score mismatch detected: original=8.8, validated=7.8
2025-06-08 10:51:27,599 - WARNING - Score mismatch detected: original=5.1, validated=2.0
2025-06-08 10:51:27,604 - WARNING - Score mismatch detected: original=8.8, validated=7.8
2025-06-08 10:51:27,611 - WARNING - Score mismatch detected: original=6.9, validated=5.5
2025-06-08 10:51:27,683 - INFO - Processed 290,000 records...
2025-06-08 10:51:28,428 - WARNING - Score mismatch detected: original=6.9, validated=5.5
2025-06-08 10:51:28,912 - WARNING - Score mismatch detected: original=5.6, validated=5.7
2025-06-08 10:51:28,922 - WARNING - Score mismatch detected: original=5.6, validated=5.7
2025-06-08 10:51:28,945 - WARNING - Score mismatch detected: original=8.2, validated=6.9
2025-06-08 10:51:28,945 - WARNING - Score mismatch detected: original=8.2, validated=6.9
2025-06-08 10:51:29,072 - WARNING - Score mismatch detected: original=5.1, validated=2.0
2025-06-08 10:51:29,073 - WARNING - Score mismatch detected: original=6.9, validated=5.5
2025-06-08 10:51:29,074 - WARNING - Score mismatch detected: original=6.9, validated=5.5
2025-06-08 10:51:29,075 - WARNING - Score mismatch detected: original=6.9, validated=5.5
2025-06-08 10:51:29,075 - WARNING - Score mismatch detected: original=6.9, validated=5.5
2025-06-08 10:51:29,076 - WARNING - Score mismatch detected: original=6.9, validated=5.5
2025-06-08 10:51:29,076 - WARNING - Score mismatch detected: original=6.9, validated=5.5
2025-06-08 10:51:29,077 - WARNING - Score mismatch detected: original=6.9, validated=5.5
2025-06-08 10:51:29,078 - WARNING - Score mismatch detected: original=6.9, validated=5.5
2025-06-08 10:51:29,078 - WARNING - Score mismatch detected: original=6.9, validated=5.5
2025-06-08 10:51:29,079 - WARNING - Score mismatch detected: original=5.1, validated=2.0
2025-06-08 10:51:29,079 - WARNING - Score mismatch detected: original=5.3, validated=2.1
2025-06-08 10:51:29,080 - WARNING - Score mismatch detected: original=1.0, validated=0.3
2025-06-08 10:51:29,081 - WARNING - Score mismatch detected: original=6.9, validated=5.5
2025-06-08 10:51:29,082 - WARNING - Score mismatch detected: original=4.8, validated=1.9
2025-06-08 10:51:29,083 - WARNING - Score mismatch detected: original=4.8, validated=1.9
2025-06-08 10:51:29,084 - WARNING - Score mismatch detected: original=4.8, validated=1.9
2025-06-08 10:51:29,086 - WARNING - Score mismatch detected: original=4.8, validated=1.9
2025-06-08 10:51:29,087 - WARNING - Score mismatch detected: original=4.8, validated=1.9
2025-06-08 10:51:29,087 - WARNING - Score mismatch detected: original=4.8, validated=1.9
2025-06-08 10:51:29,091 - WARNING - Score mismatch detected: original=4.8, validated=1.9
2025-06-08 10:51:29,091 - WARNING - Score mismatch detected: original=5.3, validated=2.1
2025-06-08 10:51:29,092 - WARNING - Score mismatch detected: original=5.3, validated=2.1
2025-06-08 10:51:29,093 - WARNING - Score mismatch detected: original=5.3, validated=2.1
2025-06-08 10:51:29,097 - WARNING - Score mismatch detected: original=6.9, validated=5.5
2025-06-08 10:51:29,098 - WARNING - Score mismatch detected: original=6.9, validated=5.5
2025-06-08 10:51:29,100 - WARNING - Score mismatch detected: original=5.1, validated=2.0
2025-06-08 10:51:29,101 - WARNING - Score mismatch detected: original=6.9, validated=5.5
2025-06-08 10:51:29,102 - WARNING - Score mismatch detected: original=6.9, validated=5.5
2025-06-08 10:51:29,108 - WARNING - Score mismatch detected: original=5.3, validated=2.1
2025-06-08 10:51:29,109 - WARNING - Score mismatch detected: original=5.3, validated=2.1
2025-06-08 10:51:29,109 - WARNING - Score mismatch detected: original=5.1, validated=2.0
2025-06-08 10:51:29,133 - WARNING - Score mismatch detected: original=5.1, validated=2.0
2025-06-08 10:51:29,133 - WARNING - Score mismatch detected: original=5.1, validated=2.0
2025-06-08 10:51:29,135 - WARNING - Score mismatch detected: original=5.3, validated=2.1
2025-06-08 10:51:29,138 - WARNING - Score mismatch detected: original=6.9, validated=5.5
2025-06-08 10:51:29,140 - WARNING - Score mismatch detected: original=5.3, validated=2.1
2025-06-08 10:51:29,141 - WARNING - Score mismatch detected: original=5.3, validated=2.1
2025-06-08 10:51:29,141 - WARNING - Score mismatch detected: original=5.3, validated=2.1
2025-06-08 10:51:29,145 - WARNING - Score mismatch detected: original=5.3, validated=2.1
2025-06-08 10:51:29,146 - WARNING - Score mismatch detected: original=5.3, validated=2.1
2025-06-08 10:51:29,152 - WARNING - Score mismatch detected: original=5.1, validated=2.0
2025-06-08 10:51:29,154 - WARNING - Score mismatch detected: original=5.1, validated=2.0
2025-06-08 10:51:29,155 - INFO - Robust conversion completed successfully!
2025-06-08 10:51:29,157 - INFO - Processing Statistics: {'total_processed': 296960, 'successful_records': 296960, 'cvss_parsed_successfully': 279496, 'cvss_validation_matches': 279420, 'error_records': 0, 'json_decode_errors': 0}
